
ThinkPad@DESKTOP-N3HKKHG MINGW64 ~/OneDrive - kasmo.co/Desktop/trail03 (master)
$ git init
Initialized empty Git repository in C:/Users/ThinkPad/OneDrive - kasmo.co/Desktop/trail03/.git/

ThinkPad@DESKTOP-N3HKKHG MINGW64 ~/OneDrive - kasmo.co/Desktop/trail03 (master)
$ git status
On branch master

No commits yet

Untracked files:
  (use "git add <file>..." to include in what will be committed)
        tdevelop.txt

nothing added to commit but untracked files present (use "git add" to track)

ThinkPad@DESKTOP-N3HKKHG MINGW64 ~/OneDrive - kasmo.co/Desktop/trail03 (master)
$ git add tdevelop.txt

ThinkPad@DESKTOP-N3HKKHG MINGW64 ~/OneDrive - kasmo.co/Desktop/trail03 (master)
$ git status
On branch master

No commits yet

Changes to be committed:
  (use "git rm --cached <file>..." to unstage)
        new file:   tdevelop.txt


ThinkPad@DESKTOP-N3HKKHG MINGW64 ~/OneDrive - kasmo.co/Desktop/trail03 (master)
$ git commit -m "adding a new txt to trail03"
[master (root-commit) 661307d] adding a new txt to trail03
 1 file changed, 0 insertions(+), 0 deletions(-)
 create mode 100644 tdevelop.txt

ThinkPad@DESKTOP-N3HKKHG MINGW64 ~/OneDrive - kasmo.co/Desktop/trail03 (master)
$ git remote add origin https://github.com/sejala10/trail03.git

ThinkPad@DESKTOP-N3HKKHG MINGW64 ~/OneDrive - kasmo.co/Desktop/trail03 (master)
$ git push origin -u master
Enumerating objects: 3, done.
Counting objects: 100% (3/3), done.
Writing objects: 100% (3/3), 232 bytes | 232.00 KiB/s, done.
Total 3 (delta 0), reused 0 (delta 0), pack-reused 0
To https://github.com/sejala10/trail03.git
 * [new branch]      master -> master
branch 'master' set up to track 'origin/master'.

ThinkPad@DESKTOP-N3HKKHG MINGW64 ~/OneDrive - kasmo.co/Desktop/trail03 (master)
$ git status
On branch master
Your branch is up to date with 'origin/master'.

Changes not staged for commit:
  (use "git add <file>..." to update what will be committed)
  (use "git restore <file>..." to discard changes in working directory)
        modified:   tdevelop.txt

no changes added to commit (use "git add" and/or "git commit -a")

ThinkPad@DESKTOP-N3HKKHG MINGW64 ~/OneDrive - kasmo.co/Desktop/trail03 (master)
$ git pull
Already up to date.

ThinkPad@DESKTOP-N3HKKHG MINGW64 ~/OneDrive - kasmo.co/Desktop/trail03 (master)
$ git status
On branch master
Your branch is up to date with 'origin/master'.

Changes not staged for commit:
  (use "git add <file>..." to update what will be committed)
  (use "git restore <file>..." to discard changes in working directory)
        modified:   tdevelop.txt

no changes added to commit (use "git add" and/or "git commit -a")

ThinkPad@DESKTOP-N3HKKHG MINGW64 ~/OneDrive - kasmo.co/Desktop/trail03 (master)
$ git add .

ThinkPad@DESKTOP-N3HKKHG MINGW64 ~/OneDrive - kasmo.co/Desktop/trail03 (master)
$ git status
On branch master
Your branch is up to date with 'origin/master'.

Changes to be committed:
  (use "git restore --staged <file>..." to unstage)
        modified:   tdevelop.txt


ThinkPad@DESKTOP-N3HKKHG MINGW64 ~/OneDrive - kasmo.co/Desktop/trail03 (master)
$ git commit -m "modified file"
[master aa27eb6] modified file
 1 file changed, 1 insertion(+)

ThinkPad@DESKTOP-N3HKKHG MINGW64 ~/OneDrive - kasmo.co/Desktop/trail03 (master)
$ git status
On branch master
Your branch is ahead of 'origin/master' by 1 commit.
  (use "git push" to publish your local commits)

nothing to commit, working tree clean

ThinkPad@DESKTOP-N3HKKHG MINGW64 ~/OneDrive - kasmo.co/Desktop/trail03 (master)
$ git push
Enumerating objects: 5, done.
Counting objects: 100% (5/5), done.
Writing objects: 100% (3/3), 292 bytes | 292.00 KiB/s, done.
Total 3 (delta 0), reused 0 (delta 0), pack-reused 0
To https://github.com/sejala10/trail03.git
   661307d..aa27eb6  master -> master

ThinkPad@DESKTOP-N3HKKHG MINGW64 ~/OneDrive - kasmo.co/Desktop/trail03 (master)
$ git pull
remote: Enumerating objects: 5, done.
remote: Counting objects: 100% (5/5), done.
remote: Total 3 (delta 0), reused 0 (delta 0), pack-reused 0
Unpacking objects: 100% (3/3), 666 bytes | 166.00 KiB/s, done.
From https://github.com/sejala10/trail03
   aa27eb6..9763566  master     -> origin/master
Updating aa27eb6..9763566
Fast-forward
 tdevelop.txt | 3 ++-
 1 file changed, 2 insertions(+), 1 deletion(-)

ThinkPad@DESKTOP-N3HKKHG MINGW64 ~/OneDrive - kasmo.co/Desktop/trail03 (master)
$ git status
On branch master
Your branch is up to date with 'origin/master'.

nothing to commit, working tree clean

ThinkPad@DESKTOP-N3HKKHG MINGW64 ~/OneDrive - kasmo.co/Desktop/trail03 (master)
$ git checkout -b ttest
Switched to a new branch 'ttest'

ThinkPad@DESKTOP-N3HKKHG MINGW64 ~/OneDrive - kasmo.co/Desktop/trail03 (ttest)
$ git status
On branch ttest
nothing to commit, working tree clean

ThinkPad@DESKTOP-N3HKKHG MINGW64 ~/OneDrive - kasmo.co/Desktop/trail03 (ttest)
$ git add .

ThinkPad@DESKTOP-N3HKKHG MINGW64 ~/OneDrive - kasmo.co/Desktop/trail03 (ttest)
$ git commit -m " new txt to the ttest"
On branch ttest
nothing to commit, working tree clean

ThinkPad@DESKTOP-N3HKKHG MINGW64 ~/OneDrive - kasmo.co/Desktop/trail03 (ttest)
$ git push origin -u ttest
Total 0 (delta 0), reused 0 (delta 0), pack-reused 0
remote:
remote: Create a pull request for 'ttest' on GitHub by visiting:
remote:      https://github.com/sejala10/trail03/pull/new/ttest
remote:
To https://github.com/sejala10/trail03.git
 * [new branch]      ttest -> ttest
branch 'ttest' set up to track 'origin/ttest'.

ThinkPad@DESKTOP-N3HKKHG MINGW64 ~/OneDrive - kasmo.co/Desktop/trail03 (ttest)
$ git status
On branch ttest
Your branch is up to date with 'origin/ttest'.

nothing to commit, working tree clean

ThinkPad@DESKTOP-N3HKKHG MINGW64 ~/OneDrive - kasmo.co/Desktop/trail03 (ttest)
$ git add .

ThinkPad@DESKTOP-N3HKKHG MINGW64 ~/OneDrive - kasmo.co/Desktop/trail03 (ttest)
$ git commit -m " changed again in ttest"
On branch ttest
Your branch is up to date with 'origin/ttest'.

nothing to commit, working tree clean

ThinkPad@DESKTOP-N3HKKHG MINGW64 ~/OneDrive - kasmo.co/Desktop/trail03 (ttest)
$ git push origin -u ttest
To https://github.com/sejala10/trail03.git
 ! [rejected]        ttest -> ttest (fetch first)
error: failed to push some refs to 'https://github.com/sejala10/trail03.git'
hint: Updates were rejected because the remote contains work that you do
hint: not have locally. This is usually caused by another repository pushing
hint: to the same ref. You may want to first integrate the remote changes
hint: (e.g., 'git pull ...') before pushing again.
hint: See the 'Note about fast-forwards' in 'git push --help' for details.

ThinkPad@DESKTOP-N3HKKHG MINGW64 ~/OneDrive - kasmo.co/Desktop/trail03 (ttest)
$ git status
On branch ttest
Your branch is up to date with 'origin/ttest'.

nothing to commit, working tree clean

ThinkPad@DESKTOP-N3HKKHG MINGW64 ~/OneDrive - kasmo.co/Desktop/trail03 (ttest)
$ git pull
remote: Enumerating objects: 5, done.
remote: Counting objects: 100% (5/5), done.
remote: Compressing objects: 100% (2/2), done.
remote: Total 3 (delta 0), reused 0 (delta 0), pack-reused 0
Unpacking objects: 100% (3/3), 667 bytes | 133.00 KiB/s, done.
From https://github.com/sejala10/trail03
   9763566..dfc266a  ttest      -> origin/ttest
Updating 9763566..dfc266a
Fast-forward
 tdevelop.txt | 1 +
 1 file changed, 1 insertion(+)

ThinkPad@DESKTOP-N3HKKHG MINGW64 ~/OneDrive - kasmo.co/Desktop/trail03 (ttest)
$ git status
On branch ttest
Your branch is up to date with 'origin/ttest'.

nothing to commit, working tree clean

ThinkPad@DESKTOP-N3HKKHG MINGW64 ~/OneDrive - kasmo.co/Desktop/trail03 (ttest)
$ git merge master
Already up to date.

ThinkPad@DESKTOP-N3HKKHG MINGW64 ~/OneDrive - kasmo.co/Desktop/trail03 (ttest)
$ git merge tdevelop
merge: tdevelop - not something we can merge

ThinkPad@DESKTOP-N3HKKHG MINGW64 ~/OneDrive - kasmo.co/Desktop/trail03 (ttest)
$ git status
On branch ttest
Your branch is up to date with 'origin/ttest'.

nothing to commit, working tree clean

ThinkPad@DESKTOP-N3HKKHG MINGW64 ~/OneDrive - kasmo.co/Desktop/trail03 (ttest)
$ git checkout ttest
Already on 'ttest'
Your branch is up to date with 'origin/ttest'.

ThinkPad@DESKTOP-N3HKKHG MINGW64 ~/OneDrive - kasmo.co/Desktop/trail03 (ttest)
$ git checkout master
Switched to branch 'master'
Your branch is up to date with 'origin/master'.

ThinkPad@DESKTOP-N3HKKHG MINGW64 ~/OneDrive - kasmo.co/Desktop/trail03 (master)
$ git merge ttest
Updating 9763566..dfc266a
Fast-forward
 tdevelop.txt | 1 +
 1 file changed, 1 insertion(+)

ThinkPad@DESKTOP-N3HKKHG MINGW64 ~/OneDrive - kasmo.co/Desktop/trail03 (master)
$ git push origin -u master
Total 0 (delta 0), reused 0 (delta 0), pack-reused 0
To https://github.com/sejala10/trail03.git
   9763566..dfc266a  master -> master
branch 'master' set up to track 'origin/master'.

ThinkPad@DESKTOP-N3HKKHG MINGW64 ~/OneDrive - kasmo.co/Desktop/trail03 (master)
$
